// Jest Snapshot v1, https://goo.gl/fbAQLP

exports[`Input Component renders input element with correct attributes 1`] = `
<input
  aria-invalid="false"
  class="block w-full rounded-md border px-3 py-2 text-sm shadow-sm placeholder-gray-400 focus:outline-none focus:ring-2 bg-white border-gray-300 focus:border-blue-500 focus:ring-blue-500"
  id="test-input"
  type="text"
  value=""
/>
`;
